// Jest Snapshot v1, https://goo.gl/fbAQLP

exports[`App will render the App component properly 1`] = `
Object {
  "asFragment": [Function],
  "baseElement": <body>
    <div>
      <div
        class="login-container"
      >
        <div
          class="container-navbar"
        >
          <nav
            class="navbar"
          >
            <div
              class="nav-bar"
            >
              <button
                class="nav-button"
              >
                <a
                  href="/"
                >
                  Home
                </a>
              </button>
              <button
                class="nav-button"
              >
                <a
                  href="/add"
                >
                  Add Poll
                </a>
              </button>
              <button
                class="nav-button"
              >
                <a
                  href="/leaderboard"
                >
                  Leaderboard
                </a>
              </button>
            </div>
            <div
              class="nav-bar-two"
            >
              <p />
            </div>
          </nav>
        </div>
        <div
          class="login"
        >
          <div
            class="profile"
          >
            <img
              alt=""
              src="https://cdn0.iconfinder.com/data/icons/unigrid-flat-human-vol-2/90/011_101_anonymous_anonym_hacker_vendetta_user_human_avatar-512.png"
            />
          </div>
          <h1
            class="header"
          >
            Employee Polls
          </h1>
          <h1
            class="login-title"
          >
            Login
          </h1>
          <form
            class="login-form"
          >
            Username:
            <input
              class="username"
              data-testid="username"
              id="username"
              name="username"
              required=""
              type="text"
            />
            Password:
            <input
              class="password"
              data-testid="password"
              id="password"
              name="password"
              required=""
              type="password"
            />
            <input
              class="button-submit"
              data-testid="submit"
              type="submit"
            />
            <div />
          </form>
        </div>
      </div>
    </div>
  </body>,
  "container": <div>
    <div
      class="login-container"
    >
      <div
        class="container-navbar"
      >
        <nav
          class="navbar"
        >
          <div
            class="nav-bar"
          >
            <button
              class="nav-button"
            >
              <a
                href="/"
              >
                Home
              </a>
            </button>
            <button
              class="nav-button"
            >
              <a
                href="/add"
              >
                Add Poll
              </a>
            </button>
            <button
              class="nav-button"
            >
              <a
                href="/leaderboard"
              >
                Leaderboard
              </a>
            </button>
          </div>
          <div
            class="nav-bar-two"
          >
            <p />
          </div>
        </nav>
      </div>
      <div
        class="login"
      >
        <div
          class="profile"
        >
          <img
            alt=""
            src="https://cdn0.iconfinder.com/data/icons/unigrid-flat-human-vol-2/90/011_101_anonymous_anonym_hacker_vendetta_user_human_avatar-512.png"
          />
        </div>
        <h1
          class="header"
        >
          Employee Polls
        </h1>
        <h1
          class="login-title"
        >
          Login
        </h1>
        <form
          class="login-form"
        >
          Username:
          <input
            class="username"
            data-testid="username"
            id="username"
            name="username"
            required=""
            type="text"
          />
          Password:
          <input
            class="password"
            data-testid="password"
            id="password"
            name="password"
            required=""
            type="password"
          />
          <input
            class="button-submit"
            data-testid="submit"
            type="submit"
          />
          <div />
        </form>
      </div>
    </div>
  </div>,
  "debug": [Function],
  "findAllByAltText": [Function],
  "findAllByDisplayValue": [Function],
  "findAllByLabelText": [Function],
  "findAllByPlaceholderText": [Function],
  "findAllByRole": [Function],
  "findAllByTestId": [Function],
  "findAllByText": [Function],
  "findAllByTitle": [Function],
  "findByAltText": [Function],
  "findByDisplayValue": [Function],
  "findByLabelText": [Function],
  "findByPlaceholderText": [Function],
  "findByRole": [Function],
  "findByTestId": [Function],
  "findByText": [Function],
  "findByTitle": [Function],
  "getAllByAltText": [Function],
  "getAllByDisplayValue": [Function],
  "getAllByLabelText": [Function],
  "getAllByPlaceholderText": [Function],
  "getAllByRole": [Function],
  "getAllByTestId": [Function],
  "getAllByText": [Function],
  "getAllByTitle": [Function],
  "getByAltText": [Function],
  "getByDisplayValue": [Function],
  "getByLabelText": [Function],
  "getByPlaceholderText": [Function],
  "getByRole": [Function],
  "getByTestId": [Function],
  "getByText": [Function],
  "getByTitle": [Function],
  "queryAllByAltText": [Function],
  "queryAllByDisplayValue": [Function],
  "queryAllByLabelText": [Function],
  "queryAllByPlaceholderText": [Function],
  "queryAllByRole": [Function],
  "queryAllByTestId": [Function],
  "queryAllByText": [Function],
  "queryAllByTitle": [Function],
  "queryByAltText": [Function],
  "queryByDisplayValue": [Function],
  "queryByLabelText": [Function],
  "queryByPlaceholderText": [Function],
  "queryByRole": [Function],
  "queryByTestId": [Function],
  "queryByText": [Function],
  "queryByTitle": [Function],
  "rerender": [Function],
  "unmount": [Function],
}
`;
